127.0.0.1 - - [10/May/2023:09:17:40 +0800] "GET / HTTP/1.1" 404 751
0:0:0:0:0:0:0:1 - - [10/May/2023:09:17:40 +0800] "GET /BradWeb/Brad13 HTTP/1.1" 200 81
0:0:0:0:0:0:0:1 - - [10/May/2023:09:17:40 +0800] "GET /favicon.ico HTTP/1.1" 404 762
0:0:0:0:0:0:0:1 - - [10/May/2023:09:18:12 +0800] "GET /BradWeb/Brad13?=10&=14 HTTP/1.1" 200 81
0:0:0:0:0:0:0:1 - - [10/May/2023:09:18:19 +0800] "GET /BradWeb/Brad13?=10&=14 HTTP/1.1" 200 81
0:0:0:0:0:0:0:1 - - [10/May/2023:09:18:20 +0800] "GET /BradWeb/Brad13?=10&=14 HTTP/1.1" 200 81
0:0:0:0:0:0:0:1 - - [10/May/2023:09:18:22 +0800] "GET /BradWeb/Brad13 HTTP/1.1" 200 81
0:0:0:0:0:0:0:1 - - [10/May/2023:09:18:51 +0800] "GET /BradWeb/Brad13 HTTP/1.1" 200 81
0:0:0:0:0:0:0:1 - - [10/May/2023:09:19:21 +0800] "GET /BradWeb/Brad13?X=10&Y=14 HTTP/1.1" 200 81
0:0:0:0:0:0:0:1 - - [10/May/2023:09:19:48 +0800] "GET /BradWeb/Brad13 HTTP/1.1" 200 81
127.0.0.1 - - [10/May/2023:09:30:39 +0800] "GET / HTTP/1.1" 404 751
0:0:0:0:0:0:0:1 - - [10/May/2023:09:30:40 +0800] "GET /BradWeb/Brad15 HTTP/1.1" 200 11
127.0.0.1 - - [10/May/2023:09:39:22 +0800] "GET / HTTP/1.1" 404 751
0:0:0:0:0:0:0:1 - - [10/May/2023:09:39:22 +0800] "GET /BradWeb/Brad15 HTTP/1.1" 200 11
0:0:0:0:0:0:0:1 - - [10/May/2023:09:39:50 +0800] "GET /BradWeb/Brad15 HTTP/1.1" 200 11
0:0:0:0:0:0:0:1 - - [10/May/2023:09:39:52 +0800] "GET /BradWeb/Brad15 HTTP/1.1" 200 20
127.0.0.1 - - [10/May/2023:10:34:45 +0800] "GET / HTTP/1.1" 404 751
0:0:0:0:0:0:0:1 - - [10/May/2023:10:34:46 +0800] "GET /BradWeb/views/View1.html HTTP/1.1" 200 304
127.0.0.1 - - [10/May/2023:11:07:06 +0800] "GET / HTTP/1.1" 404 751
0:0:0:0:0:0:0:1 - - [10/May/2023:11:07:07 +0800] "GET /BradWeb/Brad17 HTTP/1.1" 200 -
127.0.0.1 - - [10/May/2023:11:33:38 +0800] "GET / HTTP/1.1" 404 751
0:0:0:0:0:0:0:1 - - [10/May/2023:11:33:39 +0800] "GET /BradWeb/Brad17 HTTP/1.1" 200 -
127.0.0.1 - - [10/May/2023:11:35:59 +0800] "GET / HTTP/1.1" 404 751
0:0:0:0:0:0:0:1 - - [10/May/2023:11:36:00 +0800] "GET /BradWeb/Brad17 HTTP/1.1" 200 -
0:0:0:0:0:0:0:1 - - [10/May/2023:11:36:13 +0800] "GET /BradWeb/Brad17 HTTP/1.1" 200 -
0:0:0:0:0:0:0:1 - - [10/May/2023:11:36:13 +0800] "GET /favicon.ico HTTP/1.1" 404 762
127.0.0.1 - - [10/May/2023:11:37:49 +0800] "GET / HTTP/1.1" 404 751
0:0:0:0:0:0:0:1 - - [10/May/2023:11:37:49 +0800] "GET /BradWeb/Brad17 HTTP/1.1" 200 390
0:0:0:0:0:0:0:1 - - [10/May/2023:11:37:57 +0800] "GET /BradWeb/Brad17?view=view1&x=10&y=3 HTTP/1.1" 200 395
0:0:0:0:0:0:0:1 - - [10/May/2023:11:38:02 +0800] "GET /BradWeb/Brad17?view=view2&x=10&y=3 HTTP/1.1" 200 395
0:0:0:0:0:0:0:1 - - [10/May/2023:11:38:45 +0800] "GET /BradWeb/views/view2.html HTTP/1.1" 200 554
127.0.0.1 - - [10/May/2023:11:40:06 +0800] "GET / HTTP/1.1" 404 751
0:0:0:0:0:0:0:1 - - [10/May/2023:11:40:06 +0800] "GET /BradWeb/Brad17 HTTP/1.1" 200 390
0:0:0:0:0:0:0:1 - - [10/May/2023:11:40:12 +0800] "GET /BradWeb/Brad17?view=view1&x=10&y=3 HTTP/1.1" 200 395
0:0:0:0:0:0:0:1 - - [10/May/2023:11:40:19 +0800] "GET /BradWeb/Brad17?view=view2&x=10&y=3 HTTP/1.1" 200 395
0:0:0:0:0:0:0:1 - - [10/May/2023:11:43:25 +0800] "GET /BradWeb/views/view1.html HTTP/1.1" 200 439
0:0:0:0:0:0:0:1 - - [10/May/2023:11:43:35 +0800] "GET /BradWeb/views/view1.html?view=%25s&x=10&y=3 HTTP/1.1" 200 439
0:0:0:0:0:0:0:1 - - [10/May/2023:12:00:43 +0800] "GET /BradWeb/Brad17?view=view2&x=10&y=3 HTTP/1.1" 200 395
0:0:0:0:0:0:0:1 - - [10/May/2023:12:00:44 +0800] "GET /BradWeb/Brad17?view=view2&x=10&y=3 HTTP/1.1" 200 395
0:0:0:0:0:0:0:1 - - [10/May/2023:12:00:50 +0800] "GET /BradWeb/Brad17?view=view1&x=10&y=3 HTTP/1.1" 200 395
0:0:0:0:0:0:0:1 - - [10/May/2023:12:00:53 +0800] "GET /BradWeb/Brad17?view=view1&x=10&y=3 HTTP/1.1" 200 395
0:0:0:0:0:0:0:1 - - [10/May/2023:12:02:33 +0800] "GET /BradWeb/Brad17?view=view1&x=10&y=3 HTTP/1.1" 200 401
0:0:0:0:0:0:0:1 - - [10/May/2023:12:02:39 +0800] "GET /BradWeb/Brad17?view=view2&x=10&y=3 HTTP/1.1" 200 401
127.0.0.1 - - [10/May/2023:13:50:08 +0800] "GET / HTTP/1.1" 404 751
0:0:0:0:0:0:0:1 - - [10/May/2023:13:50:08 +0800] "GET /BradWeb/Brad20 HTTP/1.1" 200 841
0:0:0:0:0:0:0:1 - - [10/May/2023:13:57:10 +0800] "GET /BradWeb/Brad20 HTTP/1.1" 200 841
0:0:0:0:0:0:0:1 - - [10/May/2023:13:57:12 +0800] "GET /BradWeb/Brad20 HTTP/1.1" 200 841
127.0.0.1 - - [10/May/2023:13:57:22 +0800] "GET / HTTP/1.1" 404 751
0:0:0:0:0:0:0:1 - - [10/May/2023:13:57:23 +0800] "GET /BradWeb/Brad20 HTTP/1.1" 200 841
0:0:0:0:0:0:0:1 - - [10/May/2023:13:59:34 +0800] "GET /BradWeb/Brad20 HTTP/1.1" 200 1492
0:0:0:0:0:0:0:1 - - [10/May/2023:14:00:25 +0800] "GET /BradWeb/Brad20 HTTP/1.1" 200 895
0:0:0:0:0:0:0:1 - - [10/May/2023:14:02:58 +0800] "GET /BradWeb/Brad20 HTTP/1.1" 200 895
0:0:0:0:0:0:0:1 - - [10/May/2023:14:04:24 +0800] "GET /BradWeb/Brad20 HTTP/1.1" 200 855
0:0:0:0:0:0:0:1 - - [10/May/2023:14:08:01 +0800] "GET /BradWeb/Brad20 HTTP/1.1" 500 1485
0:0:0:0:0:0:0:1 - - [10/May/2023:14:09:36 +0800] "GET /BradWeb/Brad20 HTTP/1.1" 200 841
0:0:0:0:0:0:0:1 - - [10/May/2023:14:09:45 +0800] "GET /BradWeb/Brad20?rate60 HTTP/1.1" 200 841
0:0:0:0:0:0:0:1 - - [10/May/2023:14:09:55 +0800] "GET /BradWeb/Brad20?rate=60 HTTP/1.1" 200 855
127.0.0.1 - - [10/May/2023:14:11:52 +0800] "GET / HTTP/1.1" 404 751
0:0:0:0:0:0:0:1 - - [10/May/2023:14:11:53 +0800] "GET /BradWeb/WEB-INF/brad20.html HTTP/1.1" 404 682
0:0:0:0:0:0:0:1 - - [10/May/2023:14:13:02 +0800] "GET /BradWeb/Brad20?rate=60 HTTP/1.1" 200 855
0:0:0:0:0:0:0:1 - - [10/May/2023:14:13:18 +0800] "GET /BradWeb/brad20.html HTTP/1.1" 404 774
0:0:0:0:0:0:0:1 - - [10/May/2023:14:14:14 +0800] "GET /BradWeb/brad20.html HTTP/1.1" 404 774
0:0:0:0:0:0:0:1 - - [10/May/2023:14:14:41 +0800] "GET /BradWeb/brad20.html HTTP/1.1" 200 340
0:0:0:0:0:0:0:1 - - [10/May/2023:14:14:41 +0800] "GET /BradWeb/Brad20?rate=60 HTTP/1.1" 200 855
0:0:0:0:0:0:0:1 - - [10/May/2023:14:14:41 +0800] "GET /BradWeb/Brad20?rate=14 HTTP/1.1" 200 895
0:0:0:0:0:0:0:1 - - [10/May/2023:14:14:41 +0800] "GET /BradWeb/Brad20?rate=34 HTTP/1.1" 200 895
0:0:0:0:0:0:0:1 - - [10/May/2023:14:14:41 +0800] "GET /BradWeb/Brad20?rate=74 HTTP/1.1" 200 895
127.0.0.1 - - [10/May/2023:14:25:31 +0800] "GET / HTTP/1.1" 404 751
0:0:0:0:0:0:0:1 - - [10/May/2023:14:25:32 +0800] "GET /BradWeb/Brad21 HTTP/1.1" 500 1210
0:0:0:0:0:0:0:1 - - [10/May/2023:14:25:54 +0800] "GET /BradWeb/Brad21 HTTP/1.1" 500 1210
127.0.0.1 - - [10/May/2023:14:26:04 +0800] "GET / HTTP/1.1" 404 751
0:0:0:0:0:0:0:1 - - [10/May/2023:14:26:05 +0800] "GET /BradWeb/Brad21 HTTP/1.1" 200 5
127.0.0.1 - - [10/May/2023:14:28:45 +0800] "GET / HTTP/1.1" 404 751
0:0:0:0:0:0:0:1 - - [10/May/2023:14:28:50 +0800] "GET /BradWeb/Brad21 HTTP/1.1" 200 5
127.0.0.1 - - [10/May/2023:14:44:24 +0800] "GET / HTTP/1.1" 404 751
0:0:0:0:0:0:0:1 - - [10/May/2023:14:44:28 +0800] "GET /BradWeb/Brad21 HTTP/1.1" 200 5
127.0.0.1 - - [10/May/2023:14:47:21 +0800] "GET / HTTP/1.1" 404 751
0:0:0:0:0:0:0:1 - - [10/May/2023:14:47:21 +0800] "GET /BradWeb/Brad21 HTTP/1.1" 200 5
127.0.0.1 - - [10/May/2023:14:52:23 +0800] "GET / HTTP/1.1" 404 751
0:0:0:0:0:0:0:1 - - [10/May/2023:14:52:23 +0800] "GET /BradWeb/Brad21 HTTP/1.1" 200 27462
0:0:0:0:0:0:0:1 - - [10/May/2023:14:52:44 +0800] "GET /BradWeb/Brad21 HTTP/1.1" 200 31048
127.0.0.1 - - [10/May/2023:15:23:53 +0800] "GET / HTTP/1.1" 404 751
0:0:0:0:0:0:0:1 - - [10/May/2023:15:23:54 +0800] "GET /BradWeb/Brad22 HTTP/1.1" 200 -
127.0.0.1 - - [10/May/2023:15:35:31 +0800] "GET / HTTP/1.1" 404 751
0:0:0:0:0:0:0:1 - - [10/May/2023:15:35:31 +0800] "GET /BradWeb/Brad22 HTTP/1.1" 500 1299
0:0:0:0:0:0:0:1 - - [10/May/2023:15:36:36 +0800] "GET /BradWeb/Brad22 HTTP/1.1" 500 1299
127.0.0.1 - - [10/May/2023:15:41:57 +0800] "GET / HTTP/1.1" 404 751
0:0:0:0:0:0:0:1 - - [10/May/2023:15:41:57 +0800] "GET /BradWeb/Brad22 HTTP/1.1" 500 1299
0:0:0:0:0:0:0:1 - - [10/May/2023:15:43:19 +0800] "GET /BradWeb/Brad22 HTTP/1.1" 500 1299
127.0.0.1 - - [10/May/2023:15:43:56 +0800] "GET / HTTP/1.1" 404 751
0:0:0:0:0:0:0:1 - - [10/May/2023:15:43:56 +0800] "GET /BradWeb/Brad22 HTTP/1.1" 200 27424
0:0:0:0:0:0:0:1 - - [10/May/2023:15:56:02 +0800] "GET /BradWeb/Brad30.jsp HTTP/1.1" 200 138
0:0:0:0:0:0:0:1 - - [10/May/2023:15:56:18 +0800] "GET /BradWeb/Brad30.jsp HTTP/1.1" 200 215
0:0:0:0:0:0:0:1 - - [10/May/2023:16:07:29 +0800] "GET /BradWeb/Brad30.jsp HTTP/1.1" 200 1067
0:0:0:0:0:0:0:1 - - [10/May/2023:16:08:23 +0800] "GET /BradWeb/Brad30.jsp HTTP/1.1" 200 326
0:0:0:0:0:0:0:1 - - [10/May/2023:16:08:44 +0800] "GET /BradWeb/Brad30.jsp HTTP/1.1" 200 225
0:0:0:0:0:0:0:1 - - [10/May/2023:16:09:12 +0800] "GET /BradWeb/Brad30.jsp HTTP/1.1" 200 229
0:0:0:0:0:0:0:1 - - [10/May/2023:16:11:21 +0800] "GET /BradWeb/Brad31.jsp HTTP/1.1" 200 208
0:0:0:0:0:0:0:1 - - [10/May/2023:16:16:50 +0800] "GET /BradWeb/Brad31.jsp HTTP/1.1" 200 248
0:0:0:0:0:0:0:1 - - [10/May/2023:16:17:44 +0800] "GET /BradWeb/Brad30.jsp HTTP/1.1" 200 266
0:0:0:0:0:0:0:1 - - [10/May/2023:16:18:01 +0800] "GET /BradWeb/Brad30.jsp HTTP/1.1" 200 275
0:0:0:0:0:0:0:1 - - [10/May/2023:16:23:40 +0800] "GET /BradWeb/Brad32.jsp HTTP/1.1" 200 153
0:0:0:0:0:0:0:1 - - [10/May/2023:16:23:51 +0800] "GET /BradWeb/Brad32.jsp?name=brad HTTP/1.1" 200 153
0:0:0:0:0:0:0:1 - - [10/May/2023:16:26:41 +0800] "GET /BradWeb/brad09.html HTTP/1.1" 304 -
